// Jest Snapshot v1, https://goo.gl/fbAQLP

exports[`ContentHeader should render loggedIn user header 1`] = `
<div
  class="jsx-4290801200 header"
  id="SmartFAQ_header"
>
  <div
    class="jsx-4290801200 HeaderFAQ"
  >
    <div
      class="jsx-2880528156 jsx-2367066345 loggedIn"
    >
      <div
        class="jsx-2880528156 jsx-2367066345 helpHeader"
      >
        Help
      </div>
    </div>
  </div>
</div>
`;

exports[`ContentHeader should render loggedOut user header 1`] = `
<div
  class="jsx-4290801200 header"
  id="SmartFAQ_header"
>
  <div
    class="jsx-4290801200 HeaderFAQ"
  >
    <div
      class="jsx-2367066345 jsx-1604692328 loggedOut"
    >
      <div
        class="jsx-2367066345 jsx-1604692328 signInOrBack"
      >
        <div
          class="jsx-2367066345 jsx-1604692328 backButton"
        >
          <div
            class="jsx-1190988628 back"
            data-cy="back-button"
            role="button"
            tabindex="-1"
          >
            <div
              class="jsx-1190988628 chevron"
            >
              <svg
                fill="currentColor"
                height="16px"
                preserveAspectRatio="xMidYMid meet"
                style="vertical-align:middle;color:#8291a6"
                viewBox="0 0 24 24"
                width="16px"
              >
                <path
                  d="M15.41 7.41L14 6l-6 6 6 6 1.41-1.41L10.83 12z"
                />
              </svg>
            </div>
            <span
              class="Text__StyledText-inVtPV iqjyyW"
            >
              Back
            </span>
          </div>
        </div>
      </div>
      <p
        class="jsx-2367066345 jsx-1604692328 helpHeader"
      >
        Help
      </p>
    </div>
  </div>
</div>
`;
