// Jest Snapshot v1, https://goo.gl/fbAQLP

exports[`ScreenVoting should match snapshot 1`] = `
<div
  className="jsx-1712138937 initial-screen"
>
  <p
    className="jsx-1712138937 question"
  >
    Was this article helpful?
  </p>
  <div
    className="jsx-1712138937 feedback-button thumb-up"
    onClick={[Function]}
    onKeyUp={[Function]}
    role="button"
    tabIndex={0}
  >
    <ThumbUp
      customColor="#00a991"
      size="medium"
    />
    <p
      className="jsx-1712138937"
    >
      Yes
    </p>
  </div>
  <div
    className="jsx-1712138937 feedback-button thumb-down"
    onClick={[Function]}
    onKeyUp={[Function]}
    role="button"
    tabIndex={0}
  >
    <ThumbDown
      customColor="#00a991"
      size="medium"
    />
    <p
      className="jsx-1712138937"
    >
      No
    </p>
  </div>
  <JSXStyle
    css="div.initial-screen.jsx-1712138937{display:-webkit-box;display:-webkit-flex;display:-ms-flexbox;display:flex;-webkit-align-items:center;-webkit-box-align:center;-ms-flex-align:center;align-items:center;}p.question.jsx-1712138937{font-size:14px;color:#46515e;}div.feedback-button.jsx-1712138937{color:#00a991;display:-webkit-box;display:-webkit-flex;display:-ms-flexbox;display:flex;-webkit-align-items:center;-webkit-box-align:center;-ms-flex-align:center;align-items:center;cursor:pointer;}div.feedback-button.jsx-1712138937 p.jsx-1712138937{margin-left:9px;font-size:14px;}div.feedback-button.thumb-up.jsx-1712138937{margin-left:23px;}div.feedback-button.thumb-down.jsx-1712138937{margin-left:28px;}"
    styleId="1712138937"
  />
</div>
`;
