// Jest Snapshot v1, https://goo.gl/fbAQLP

exports[`ScreenInitial should match snapshot 1`] = `
<Box
  backgroundColor="#f5f7f9"
  border="none"
  borderRadius="4px"
  padding="16px 24px"
>
  <div
    className="jsx-2447266581 question"
  >
    Didn't find the answer you were looking for?
  </div>
  <div
    className="jsx-2447266581 button"
  >
    <button
      className="jsx-2447266581"
      onClick={[Function]}
    >
      <span
        className="jsx-2447266581"
      >
        Ask us
      </span>
    </button>
  </div>
  <JSXStyle
    css="div.question.jsx-2447266581{color:#7f91a8;font-size:14px;text-align:center;margin-bottom:16px;}.button.jsx-2447266581{text-align:center;}.button.jsx-2447266581 button.jsx-2447266581{padding:12px 18px;border:none;boder-radius:2px;background-color:#e8edf1;width:115px;height:44px;cursor:pointer;}.button.jsx-2447266581 button.jsx-2447266581 span.jsx-2447266581{font-weight:bold;color:#46515e;font-size:14px;}"
    styleId="2447266581"
  />
</Box>
`;
