// Jest Snapshot v1, https://goo.gl/fbAQLP

exports[`ScreenInput should match snapshot 1`] = `
<Box
  backgroundColor="#f5f7f9"
  border="none"
  borderRadius="4px"
  padding="40px 24px 24px 24px"
>
  <form
    className="jsx-892344281"
    onSubmit={[Function]}
  >
    <div
      className="jsx-892344281 close-icon"
      onClick={[Function]}
      onKeyUp={null}
      role="button"
      tabIndex="-1"
    >
      <Close
        customColor="#bac7d5"
        size="small"
      />
    </div>
    <WithTheme(Heading)
      type="title3"
    >
      Your feedback helps us improve.
    </WithTheme(Heading)>
    <div
      className="jsx-892344281 question"
    >
      <WithTheme(Text)>
        What problem were you trying to solve?
      </WithTheme(Text)>
    </div>
    <div
      className="jsx-892344281 inputArea invalid"
    >
      <textarea
        className="jsx-892344281"
        data-gramm_editor="false"
        onChange={[Function]}
        value=""
      />
      <p
        className="jsx-892344281"
      >
        You haven't written any feedback.
      </p>
    </div>
    <div
      className="jsx-892344281 button"
    >
      <WithTheme(Button)
        onClick={[Function]}
        width={100}
      >
        Submit
      </WithTheme(Button)>
    </div>
  </form>
  <JSXStyle
    css="div.question.jsx-892344281{margin-bottom:4px;margin-top:8px;}div.inputArea.invalid.jsx-892344281 textarea.jsx-892344281{border-color:#d21c1c;}div.inputArea.jsx-892344281 p.jsx-892344281{font-family:'Roboto';font-size:12px;font-weight:400;color:#d21c1c;}div.inputArea.jsx-892344281 textarea.jsx-892344281{width:100%;height:72px;border-radius:3px;background-color:#ffffff;border:solid 1px #bac7d5;resize:none;}div.button.jsx-892344281{display:-webkit-box;display:-webkit-flex;display:-ms-flexbox;display:flex;-webkit-box-pack:end;-webkit-justify-content:flex-end;-ms-flex-pack:end;justify-content:flex-end;margin-top:19px;}div.close-icon.jsx-892344281{position:absolute;top:8px;right:8px;cursor:pointer;}div.inputArea.jsx-892344281 textarea.jsx-892344281{padding:12px 16px;font-size:14px;}@media only screen and (max-width:901px){div.inputArea.jsx-892344281 textarea.jsx-892344281{width:100%;}}"
    styleId="892344281"
  />
</Box>
`;

exports[`ScreenInput should try to submit empty form 1`] = `
<Box
  backgroundColor="#f5f7f9"
  border="none"
  borderRadius="4px"
  padding="40px 24px 24px 24px"
>
  <form
    className="jsx-892344281"
    onSubmit={[Function]}
  >
    <div
      className="jsx-892344281 close-icon"
      onClick={[Function]}
      onKeyUp={null}
      role="button"
      tabIndex="-1"
    >
      <Close
        customColor="#bac7d5"
        size="small"
      />
    </div>
    <WithTheme(Heading)
      type="title3"
    >
      Your feedback helps us improve.
    </WithTheme(Heading)>
    <div
      className="jsx-892344281 question"
    >
      <WithTheme(Text)>
        What problem were you trying to solve?
      </WithTheme(Text)>
    </div>
    <div
      className="jsx-892344281 inputArea invalid"
    >
      <textarea
        className="jsx-892344281"
        data-gramm_editor="false"
        onChange={[Function]}
        value=""
      />
      <p
        className="jsx-892344281"
      >
        You haven't written any feedback.
      </p>
    </div>
    <div
      className="jsx-892344281 button"
    >
      <WithTheme(Button)
        onClick={[Function]}
        width={100}
      >
        Submit
      </WithTheme(Button)>
    </div>
  </form>
  <JSXStyle
    css="div.question.jsx-892344281{margin-bottom:4px;margin-top:8px;}div.inputArea.invalid.jsx-892344281 textarea.jsx-892344281{border-color:#d21c1c;}div.inputArea.jsx-892344281 p.jsx-892344281{font-family:'Roboto';font-size:12px;font-weight:400;color:#d21c1c;}div.inputArea.jsx-892344281 textarea.jsx-892344281{width:100%;height:72px;border-radius:3px;background-color:#ffffff;border:solid 1px #bac7d5;resize:none;}div.button.jsx-892344281{display:-webkit-box;display:-webkit-flex;display:-ms-flexbox;display:flex;-webkit-box-pack:end;-webkit-justify-content:flex-end;-ms-flex-pack:end;justify-content:flex-end;margin-top:19px;}div.close-icon.jsx-892344281{position:absolute;top:8px;right:8px;cursor:pointer;}div.inputArea.jsx-892344281 textarea.jsx-892344281{padding:12px 16px;font-size:14px;}@media only screen and (max-width:901px){div.inputArea.jsx-892344281 textarea.jsx-892344281{width:100%;}}"
    styleId="892344281"
  />
</Box>
`;
