// Jest Snapshot v1, https://goo.gl/fbAQLP

exports[`SignIn should match snapshot 1`] = `
<Box
  backgroundColor="#f5f7f9"
  border="none"
  borderRadius="4px"
>
  <div
    className="jsx-3533318075 thank-you"
  >
    <div
      className="jsx-3533318075 close-icon"
    >
      <Close
        fill="#bac7d5"
        height="12"
        onClick={[Function]}
      />
    </div>
    <div
      className="jsx-3533318075 message-1"
    >
      Thanks again.
    </div>
    <div
      className="jsx-3533318075 message-2"
    >
      We appreciate your insight.
    </div>
    <ContactPageLink />
    <JSXStyle
      css="div.thank-you.jsx-3533318075{display:-webkit-box;display:-webkit-flex;display:-ms-flexbox;display:flex;-webkit-flex-direction:column;-ms-flex-direction:column;flex-direction:column;-webkit-box-pack:center;-webkit-justify-content:center;-ms-flex-pack:center;justify-content:center;-webkit-align-items:center;-webkit-box-align:center;-ms-flex-align:center;align-items:center;height:251px;}div.close-icon.jsx-3533318075{position:absolute;top:8px;right:8px;cursor:pointer;}div.message-1.jsx-3533318075,div.message-2.jsx-3533318075{color:#171b1e;font-size:16px;}div.message-2.jsx-3533318075{margin-bottom:16.6px;}"
      styleId="3533318075"
    />
  </div>
</Box>
`;
