// Jest Snapshot v1, https://goo.gl/fbAQLP

exports[`ScreenInput should match snapshot 1`] = `
<Box
  backgroundColor="#f5f7f9"
  border="none"
  borderRadius="4px"
  padding="40px 24px 24px 24px"
>
  <form
    className="jsx-2839840948"
    onSubmit={[Function]}
  >
    <div
      className="jsx-2839840948 close-icon"
      onClick={[Function]}
      onKeyUp={null}
      role="button"
      tabIndex="-1"
    >
      <Close
        customColor="#bac7d5"
        size="small"
      />
    </div>
    <Heading
      element="h1"
      size="small"
      weight="bold"
    >
      Your feedback helps us improve.
    </Heading>
    <div
      className="jsx-2839840948 question"
    >
      <Text
        align="left"
        element="p"
        italic={false}
        size="normal"
        type="primary"
        uppercase={false}
        weight="regular"
      >
        What problem were you trying to solve?
      </Text>
    </div>
    <div
      className="jsx-2839840948 inputArea invalid"
    >
      <textarea
        className="jsx-2839840948"
        data-gramm_editor="false"
        onChange={[Function]}
        value=""
      />
      <p
        className="jsx-2839840948"
      >
        You haven't written any feedback.
      </p>
    </div>
    <div
      className="jsx-2839840948 button"
    >
      <Button
        block={false}
        disabled={false}
        loading={false}
        onClick={[Function]}
        onlyIcon={false}
        size="normal"
        title="Submit"
        type="primary"
        variation="filled"
        width={100}
      />
    </div>
  </form>
  <JSXStyle
    css="div.question.jsx-2839840948{margin-bottom:4px;margin-top:8px;}div.inputArea.invalid.jsx-2839840948 textarea.jsx-2839840948{border-color:#d21c1c;}div.inputArea.jsx-2839840948 p.jsx-2839840948{font-family:'Roboto';font-size:12px;font-weight:400;color:#d21c1c;}div.inputArea.jsx-2839840948 textarea.jsx-2839840948{width:100%;height:72px;border-radius:3px;background-color:#ffffff;border:solid 1px #bac7d5;resize:none;}div.button.jsx-2839840948{display:-webkit-box;display:-webkit-flex;display:-ms-flexbox;display:flex;-webkit-box-pack:end;-webkit-justify-content:flex-end;-ms-flex-pack:end;justify-content:flex-end;margin-top:19px;}div.close-icon.jsx-2839840948{position:absolute;top:8px;right:8px;cursor:pointer;}div.inputArea.jsx-2839840948 textarea.jsx-2839840948{padding:12px 16px;font-size:14px;}@media only screen and (max-width:1181px){div.inputArea.jsx-2839840948 textarea.jsx-2839840948{width:100%;}}"
    styleId="2839840948"
  />
</Box>
`;

exports[`ScreenInput should try to submit empty form 1`] = `
<Box
  backgroundColor="#f5f7f9"
  border="none"
  borderRadius="4px"
  padding="40px 24px 24px 24px"
>
  <form
    className="jsx-2839840948"
    onSubmit={[Function]}
  >
    <div
      className="jsx-2839840948 close-icon"
      onClick={[Function]}
      onKeyUp={null}
      role="button"
      tabIndex="-1"
    >
      <Close
        customColor="#bac7d5"
        size="small"
      />
    </div>
    <Heading
      element="h1"
      size="small"
      weight="bold"
    >
      Your feedback helps us improve.
    </Heading>
    <div
      className="jsx-2839840948 question"
    >
      <Text
        align="left"
        element="p"
        italic={false}
        size="normal"
        type="primary"
        uppercase={false}
        weight="regular"
      >
        What problem were you trying to solve?
      </Text>
    </div>
    <div
      className="jsx-2839840948 inputArea invalid"
    >
      <textarea
        className="jsx-2839840948"
        data-gramm_editor="false"
        onChange={[Function]}
        value=""
      />
      <p
        className="jsx-2839840948"
      >
        You haven't written any feedback.
      </p>
    </div>
    <div
      className="jsx-2839840948 button"
    >
      <Button
        block={false}
        disabled={false}
        loading={false}
        onClick={[Function]}
        onlyIcon={false}
        size="normal"
        title="Submit"
        type="primary"
        variation="filled"
        width={100}
      />
    </div>
  </form>
  <JSXStyle
    css="div.question.jsx-2839840948{margin-bottom:4px;margin-top:8px;}div.inputArea.invalid.jsx-2839840948 textarea.jsx-2839840948{border-color:#d21c1c;}div.inputArea.jsx-2839840948 p.jsx-2839840948{font-family:'Roboto';font-size:12px;font-weight:400;color:#d21c1c;}div.inputArea.jsx-2839840948 textarea.jsx-2839840948{width:100%;height:72px;border-radius:3px;background-color:#ffffff;border:solid 1px #bac7d5;resize:none;}div.button.jsx-2839840948{display:-webkit-box;display:-webkit-flex;display:-ms-flexbox;display:flex;-webkit-box-pack:end;-webkit-justify-content:flex-end;-ms-flex-pack:end;justify-content:flex-end;margin-top:19px;}div.close-icon.jsx-2839840948{position:absolute;top:8px;right:8px;cursor:pointer;}div.inputArea.jsx-2839840948 textarea.jsx-2839840948{padding:12px 16px;font-size:14px;}@media only screen and (max-width:1181px){div.inputArea.jsx-2839840948 textarea.jsx-2839840948{width:100%;}}"
    styleId="2839840948"
  />
</Box>
`;
