// Jest Snapshot v1, https://goo.gl/fbAQLP

exports[`ScreenError should match snapshot 1`] = `
<div
  class="jsx-4062952819 box"
>
  <div
    class="jsx-2960163256 feedbackMessage"
  >
    <div
      class="jsx-2960163256 closeIcon"
      role="button"
      tabindex="-1"
    >
      <svg
        fill="currentColor"
        height="16px"
        preserveAspectRatio="xMidYMid meet"
        style="vertical-align:middle;color:#bac7d5"
        viewBox="0 0 24 24"
        width="16px"
      >
        <path
          d="M19 6.41L17.59 5 12 10.59 6.41 5 5 6.41 10.59 12 5 17.59 6.41 19 12 13.41 17.59 19 19 17.59 13.41 12z"
        />
      </svg>
    </div>
    <div
      class="jsx-2960163256 systemMessage"
    >
      <div
        class="Alert__StyledAlert-cJJYQC juWFnr"
      >
        <div
          class="Alert__IconContainer-eSlLEA eyJClo"
        >
          <svg
            fill="currentColor"
            height="24px"
            preserveAspectRatio="xMidYMid meet"
            style="vertical-align:middle"
            viewBox="0 0 24 24"
            width="24px"
          >
            <path
              d="M12 19.25a1.25 1.25 0 1 1 0-2.5 1.25 1.25 0 0 1 0 2.5zM11 10h2v6h-2v-6zm10.895 10.553l-9-18c-.339-.678-1.451-.678-1.79 0l-9 18c-.154.31-.138.678.044.973.183.294.504.474.851.474h18c.347 0 .668-.18.851-.474.182-.295.198-.663.044-.973z"
            />
          </svg>
        </div>
        <div
          class="Alert__ContentWrapper-glEZbs cPHqb"
        >
          <div
            class="Alert__Content-KRSaN flVfCN"
          >
            Our bad. We weren't able to send your feedback. But, follow the link below to drop us a line.
          </div>
        </div>
      </div>
    </div>
  </div>
</div>
`;
