// Jest Snapshot v1, https://goo.gl/fbAQLP

exports[`ScreenError should match snapshot 1`] = `
<Box
  backgroundColor="#f5f7f9"
  border="none"
  borderRadius="4px"
>
  <div
    className="jsx-1340655337 thankYou"
  >
    <div
      className="jsx-1340655337 closeIcon"
      onClick={[Function]}
      onKeyUp={null}
      role="button"
      tabIndex="-1"
    >
      <Close
        customColor="#bac7d5"
        size="small"
      />
    </div>
    <div
      className="jsx-1340655337 systemMessage"
    >
      <SystemMessage
        Icon={[Function]}
        title="Feedback form failed"
        type="warning"
      >
        Our bad. We weren't able to send your feedback. But, follow the link below to drop us a line.
      </SystemMessage>
    </div>
    <JSXStyle
      css="div.thankYou.jsx-1340655337{display:-webkit-box;display:-webkit-flex;display:-ms-flexbox;display:flex;-webkit-flex-direction:column;-ms-flex-direction:column;flex-direction:column;-webkit-box-pack:center;-webkit-justify-content:center;-ms-flex-pack:center;justify-content:center;-webkit-align-items:center;-webkit-box-align:center;-ms-flex-align:center;align-items:center;height:251px;padding-left:14px;padding-right:14px;}div.closeIcon.jsx-1340655337{position:absolute;top:8px;right:8px;cursor:pointer;}div.systemMessage.jsx-1340655337{margin-bottom:16px;}"
      styleId="1340655337"
    />
  </div>
</Box>
`;
