// Jest Snapshot v1, https://goo.gl/fbAQLP

exports[`ScreenThankyou should match snapshot 1`] = `
<Box
  backgroundColor="#f5f7f9"
  border="none"
  borderRadius="4px"
>
  <div
    className="jsx-2799696706 feedbackMessage"
  >
    <div
      className="jsx-2799696706 close-icon"
      onClick={[Function]}
      onKeyUp={null}
      role="button"
      tabIndex="-1"
    >
      <Close
        customColor="#bac7d5"
        size="small"
      />
    </div>
    <Heading
      type="title2"
    >
      Thanks, we appreciate your insight.
    </Heading>
    <JSXStyle
      css="div.feedbackMessage.jsx-2799696706{text-align:center;padding:32px 83px;}div.close-icon.jsx-2799696706{position:absolute;top:8px;right:8px;cursor:pointer;}"
      styleId="2799696706"
    />
  </div>
</Box>
`;
