// Jest Snapshot v1, https://goo.gl/fbAQLP

exports[`CarrierLogoWrapper should render 1`] = `
<WithTheme(CarrierLogo)
  carriers={
    Array [
      Object {
        "code": "PC",
        "name": "Pegasus",
      },
      Object {
        "code": "FR",
        "name": "Ryanair",
      },
    ]
  }
  size="large"
/>
`;
