// Jest Snapshot v1, https://goo.gl/fbAQLP

exports[`Contact should render only email 1`] = `
<div
  className="jsx-1891334837 contact"
>
  <hr
    className="jsx-1891334837"
  />
  <div
    className="jsx-1891334837 contact-options"
  >
    <withSimpleTokenHOC>
      <withLanguageHOC
        text="Call us"
        textColor="#00a991"
      />
    </withSimpleTokenHOC>
  </div>
  <div
    className="jsx-1891334837 instructions"
  >
    <Text
      html={true}
      t="smartfaq.single_booking_page.instructions"
      values={Object {}}
    />
  </div>
  <JSXStyle
    css=".contact.jsx-1891334837{margin-top:32px;}.contact.jsx-1891334837 .title.jsx-1891334837{margin-bottom:18px;}.contact-options.jsx-1891334837,.phone.jsx-1891334837,.chat.jsx-1891334837,.inline-icon.jsx-1891334837{display:-webkit-box;display:-webkit-flex;display:-ms-flexbox;display:flex;-webkit-align-items:center;-webkit-box-align:center;-ms-flex-align:center;align-items:center;}.phone.jsx-1891334837{margin-right:40px;}hr.jsx-1891334837{margin-bottom:16px;border:none;border-bottom:1px solid #e8edf1;}.phone-icon.jsx-1891334837{margin-right:7px;}.chevron-icon.jsx-1891334837{margin-left:5px;}.chat-icon.jsx-1891334837{margin-right:14px;}.instructions.jsx-1891334837{margin-left:20px;margin-top:34px;font-size:14px;color:#46515e;}.instructions.jsx-1891334837 ol.jsx-1891334837{list-style-type:decimal;padding:0;}li.jsx-1891334837{margin-bottom:7px;padding-left:10px;}"
    styleId="1891334837"
  />
</div>
`;

exports[`Contact should render with email and phone 1`] = `
<div
  class="jsx-1891334837 contact"
>
  <hr
    class="jsx-1891334837"
  />
  <div
    class="jsx-1891334837 contact-options"
  />
  <div
    class="jsx-1891334837 instructions"
  >
    <span>
      smartfaq.single_booking_page.instructions
    </span>
  </div>
</div>
`;
