// Jest Snapshot v1, https://goo.gl/fbAQLP

exports[`Layout should match snapshot 1`] = `
<MemoryRouter
  initialEntries={
    Array [
      Object {
        "key": "testKey",
      },
    ]
  }
>
  <Router
    history={
      Object {
        "action": "POP",
        "block": [Function],
        "canGo": [Function],
        "createHref": [Function],
        "entries": Array [
          Object {
            "hash": "",
            "key": "testKey",
            "pathname": "/",
            "search": "",
          },
        ],
        "go": [Function],
        "goBack": [Function],
        "goForward": [Function],
        "index": 0,
        "length": 1,
        "listen": [Function],
        "location": Object {
          "hash": "",
          "key": "testKey",
          "pathname": "/",
          "search": "",
        },
        "push": [Function],
        "replace": [Function],
      }
    }
  >
    <Connect(WithAuth)
      store={
        Object {
          "clearActions": [Function],
          "dispatch": [Function],
          "getActions": [Function],
          "getState": [Function],
          "replaceReducer": [Function],
          "subscribe": [Function],
        }
      }
    >
      <WithAuth
        doSaveToken={[Function]}
        doSignIn={[Function]}
        store={
          Object {
            "clearActions": [Function],
            "dispatch": [Function],
            "getActions": [Function],
            "getState": [Function],
            "replaceReducer": [Function],
            "subscribe": [Function],
          }
        }
        storeSubscription={
          Subscription {
            "listeners": Object {
              "clear": [Function],
              "get": [Function],
              "notify": [Function],
              "subscribe": [Function],
            },
            "onStateChange": [Function],
            "parentSub": undefined,
            "store": Object {
              "clearActions": [Function],
              "dispatch": [Function],
              "getActions": [Function],
              "getState": [Function],
              "replaceReducer": [Function],
              "subscribe": [Function],
            },
            "unsubscribe": [Function],
          }
        }
      >
        <Layout
          doSaveToken={[Function]}
          doSignIn={[Function]}
          store={
            Object {
              "clearActions": [Function],
              "dispatch": [Function],
              "getActions": [Function],
              "getState": [Function],
              "replaceReducer": [Function],
              "subscribe": [Function],
            }
          }
          storeSubscription={
            Subscription {
              "listeners": Object {
                "clear": [Function],
                "get": [Function],
                "notify": [Function],
                "subscribe": [Function],
              },
              "onStateChange": [Function],
              "parentSub": undefined,
              "store": Object {
                "clearActions": [Function],
                "dispatch": [Function],
                "getActions": [Function],
                "getState": [Function],
                "replaceReducer": [Function],
                "subscribe": [Function],
              },
              "unsubscribe": [Function],
            }
          }
        >
          <div
            className="jsx-590929087 Layout"
          >
            <link
              className="jsx-590929087"
              href="https://fonts.googleapis.com/css?family=Roboto"
              rel="stylesheet"
            />
            <div
              className="jsx-590929087 logged-out"
            >
              Logged out
            </div>
            <JSXStyle
              css="div.logged-out.jsx-590929087{border:1px solid #b22222;position:fixed;bottom:50px;left:50px;color:#b22222;padding:0.5em;}div.logged-in.jsx-590929087{border:1px solid #85c285;position:fixed;bottom:50px;left:50px;color:#85c285;padding:0.5em;}"
              styleId="590929087"
            />
            <JSXStyle
              css={
                String {
                  "0": "*",
                  "1": "{",
                  "10": "n",
                  "100": "a",
                  "101": "d",
                  "102": "d",
                  "103": "i",
                  "104": "n",
                  "105": "g",
                  "106": ":",
                  "107": "0",
                  "108": ";",
                  "109": "m",
                  "11": "g",
                  "110": "a",
                  "111": "r",
                  "112": "g",
                  "113": "i",
                  "114": "n",
                  "115": ":",
                  "116": "0",
                  "117": ";",
                  "118": "}",
                  "119": "d",
                  "12": ":",
                  "120": "i",
                  "121": "v",
                  "122": ".",
                  "123": "L",
                  "124": "a",
                  "125": "y",
                  "126": "o",
                  "127": "u",
                  "128": "t",
                  "129": "{",
                  "13": "b",
                  "130": "p",
                  "131": "o",
                  "132": "s",
                  "133": "i",
                  "134": "t",
                  "135": "i",
                  "136": "o",
                  "137": "n",
                  "138": ":",
                  "139": "a",
                  "14": "o",
                  "140": "b",
                  "141": "s",
                  "142": "o",
                  "143": "l",
                  "144": "u",
                  "145": "t",
                  "146": "e",
                  "147": ";",
                  "148": "r",
                  "149": "i",
                  "15": "r",
                  "150": "g",
                  "151": "h",
                  "152": "t",
                  "153": ":",
                  "154": "0",
                  "155": ";",
                  "156": "m",
                  "157": "i",
                  "158": "n",
                  "159": "-",
                  "16": "d",
                  "160": "w",
                  "161": "i",
                  "162": "d",
                  "163": "t",
                  "164": "h",
                  "165": ":",
                  "166": "4",
                  "167": "8",
                  "168": "0",
                  "169": "p",
                  "17": "e",
                  "170": "x",
                  "171": ";",
                  "172": "h",
                  "173": "e",
                  "174": "i",
                  "175": "g",
                  "176": "h",
                  "177": "t",
                  "178": ":",
                  "179": "1",
                  "18": "r",
                  "180": "0",
                  "181": "0",
                  "182": "v",
                  "183": "h",
                  "184": ";",
                  "185": "b",
                  "186": "a",
                  "187": "c",
                  "188": "k",
                  "189": "g",
                  "19": "-",
                  "190": "r",
                  "191": "o",
                  "192": "u",
                  "193": "n",
                  "194": "d",
                  "195": "-",
                  "196": "c",
                  "197": "o",
                  "198": "l",
                  "199": "o",
                  "2": "b",
                  "20": "b",
                  "200": "r",
                  "201": ":",
                  "202": "#",
                  "203": "f",
                  "204": "f",
                  "205": "f",
                  "206": "f",
                  "207": "f",
                  "208": "f",
                  "209": ";",
                  "21": "o",
                  "210": "b",
                  "211": "o",
                  "212": "x",
                  "213": "-",
                  "214": "s",
                  "215": "h",
                  "216": "a",
                  "217": "d",
                  "218": "o",
                  "219": "w",
                  "22": "x",
                  "220": ":",
                  "221": "0",
                  "222": " ",
                  "223": "4",
                  "224": "p",
                  "225": "x",
                  "226": " ",
                  "227": "7",
                  "228": "p",
                  "229": "x",
                  "23": ";",
                  "230": " ",
                  "231": "0",
                  "232": " ",
                  "233": "r",
                  "234": "g",
                  "235": "b",
                  "236": "a",
                  "237": "(",
                  "238": "0",
                  "239": ",",
                  "24": "p",
                  "240": "0",
                  "241": ",",
                  "242": "0",
                  "243": ",",
                  "244": "0",
                  "245": ".",
                  "246": "1",
                  "247": "5",
                  "248": ")",
                  "249": ";",
                  "25": "a",
                  "250": "}",
                  "251": "s",
                  "252": "p",
                  "253": "a",
                  "254": "n",
                  "255": ".",
                  "256": "i",
                  "257": "n",
                  "258": "l",
                  "259": "i",
                  "26": "d",
                  "260": "n",
                  "261": "e",
                  "262": "-",
                  "263": "i",
                  "264": "c",
                  "265": "o",
                  "266": "n",
                  "267": " ",
                  "268": "s",
                  "269": "v",
                  "27": "d",
                  "270": "g",
                  "271": "{",
                  "272": "d",
                  "273": "i",
                  "274": "s",
                  "275": "p",
                  "276": "l",
                  "277": "a",
                  "278": "y",
                  "279": ":",
                  "28": "i",
                  "280": "i",
                  "281": "n",
                  "282": "l",
                  "283": "i",
                  "284": "n",
                  "285": "e",
                  "286": "-",
                  "287": "b",
                  "288": "l",
                  "289": "o",
                  "29": "n",
                  "290": "c",
                  "291": "k",
                  "292": ";",
                  "293": "v",
                  "294": "e",
                  "295": "r",
                  "296": "t",
                  "297": "i",
                  "298": "c",
                  "299": "a",
                  "3": "o",
                  "30": "g",
                  "300": "l",
                  "301": "-",
                  "302": "a",
                  "303": "l",
                  "304": "i",
                  "305": "g",
                  "306": "n",
                  "307": ":",
                  "308": "b",
                  "309": "o",
                  "31": ":",
                  "310": "t",
                  "311": "t",
                  "312": "o",
                  "313": "m",
                  "314": ";",
                  "315": "}",
                  "32": "0",
                  "33": ";",
                  "34": "m",
                  "35": "a",
                  "36": "r",
                  "37": "g",
                  "38": "i",
                  "39": "n",
                  "4": "x",
                  "40": ":",
                  "41": "0",
                  "42": ";",
                  "43": "f",
                  "44": "o",
                  "45": "n",
                  "46": "t",
                  "47": "-",
                  "48": "f",
                  "49": "a",
                  "5": "-",
                  "50": "m",
                  "51": "i",
                  "52": "l",
                  "53": "y",
                  "54": ":",
                  "55": "'",
                  "56": "R",
                  "57": "o",
                  "58": "b",
                  "59": "o",
                  "6": "s",
                  "60": "t",
                  "61": "o",
                  "62": "'",
                  "63": ",",
                  "64": "s",
                  "65": "a",
                  "66": "n",
                  "67": "s",
                  "68": "-",
                  "69": "s",
                  "7": "i",
                  "70": "e",
                  "71": "r",
                  "72": "i",
                  "73": "f",
                  "74": ";",
                  "75": "}",
                  "76": "h",
                  "77": "t",
                  "78": "m",
                  "79": "l",
                  "8": "z",
                  "80": ",",
                  "81": "b",
                  "82": "o",
                  "83": "d",
                  "84": "y",
                  "85": "{",
                  "86": "h",
                  "87": "e",
                  "88": "i",
                  "89": "g",
                  "9": "i",
                  "90": "h",
                  "91": "t",
                  "92": ":",
                  "93": "1",
                  "94": "0",
                  "95": "0",
                  "96": "v",
                  "97": "h",
                  "98": ";",
                  "99": "p",
                  "__hash": "384954136",
                  "__scoped": "*.jsx-2065562393{box-sizing:border-box;padding:0;margin:0;font-family:'Roboto',sans-serif;}html.jsx-2065562393,body.jsx-2065562393{height:100vh;padding:0;margin:0;}div.Layout.jsx-2065562393{position:absolute;right:0;min-width:480px;height:100vh;background-color:#ffffff;box-shadow:0 4px 7px 0 rgba(0,0,0,0.15);}span.inline-icon.jsx-2065562393 svg.jsx-2065562393{display:inline-block;vertical-align:bottom;}",
                  "__scopedHash": "2065562393",
                }
              }
              styleId="384954136"
            />
          </div>
        </Layout>
      </WithAuth>
    </Connect(WithAuth)>
  </Router>
</MemoryRouter>
`;
