// Jest Snapshot v1, https://goo.gl/fbAQLP

exports[`Layout should match snapshot 1`] = `
<div
  className="Layout"
>
  <link
    href="https://fonts.googleapis.com/css?family=Roboto"
    rel="stylesheet"
  />
  <Intro />
  <JSXStyle
    css={
      String {
        "0": "*",
        "1": "{",
        "10": "n",
        "100": "a",
        "101": "d",
        "102": "d",
        "103": "i",
        "104": "n",
        "105": "g",
        "106": ":",
        "107": "0",
        "108": ";",
        "109": "m",
        "11": "g",
        "110": "a",
        "111": "r",
        "112": "g",
        "113": "i",
        "114": "n",
        "115": ":",
        "116": "0",
        "117": ";",
        "118": "}",
        "119": "s",
        "12": ":",
        "120": "p",
        "121": "a",
        "122": "n",
        "123": ".",
        "124": "i",
        "125": "n",
        "126": "l",
        "127": "i",
        "128": "n",
        "129": "e",
        "13": "b",
        "130": "-",
        "131": "i",
        "132": "c",
        "133": "o",
        "134": "n",
        "135": " ",
        "136": "s",
        "137": "v",
        "138": "g",
        "139": "{",
        "14": "o",
        "140": "d",
        "141": "i",
        "142": "s",
        "143": "p",
        "144": "l",
        "145": "a",
        "146": "y",
        "147": ":",
        "148": "i",
        "149": "n",
        "15": "r",
        "150": "l",
        "151": "i",
        "152": "n",
        "153": "e",
        "154": "-",
        "155": "b",
        "156": "l",
        "157": "o",
        "158": "c",
        "159": "k",
        "16": "d",
        "160": ";",
        "161": "v",
        "162": "e",
        "163": "r",
        "164": "t",
        "165": "i",
        "166": "c",
        "167": "a",
        "168": "l",
        "169": "-",
        "17": "e",
        "170": "a",
        "171": "l",
        "172": "i",
        "173": "g",
        "174": "n",
        "175": ":",
        "176": "b",
        "177": "o",
        "178": "t",
        "179": "t",
        "18": "r",
        "180": "o",
        "181": "m",
        "182": ";",
        "183": "}",
        "19": "-",
        "2": "b",
        "20": "b",
        "21": "o",
        "22": "x",
        "23": ";",
        "24": "p",
        "25": "a",
        "26": "d",
        "27": "d",
        "28": "i",
        "29": "n",
        "3": "o",
        "30": "g",
        "31": ":",
        "32": "0",
        "33": ";",
        "34": "m",
        "35": "a",
        "36": "r",
        "37": "g",
        "38": "i",
        "39": "n",
        "4": "x",
        "40": ":",
        "41": "0",
        "42": ";",
        "43": "f",
        "44": "o",
        "45": "n",
        "46": "t",
        "47": "-",
        "48": "f",
        "49": "a",
        "5": "-",
        "50": "m",
        "51": "i",
        "52": "l",
        "53": "y",
        "54": ":",
        "55": "'",
        "56": "R",
        "57": "o",
        "58": "b",
        "59": "o",
        "6": "s",
        "60": "t",
        "61": "o",
        "62": "'",
        "63": ",",
        "64": "s",
        "65": "a",
        "66": "n",
        "67": "s",
        "68": "-",
        "69": "s",
        "7": "i",
        "70": "e",
        "71": "r",
        "72": "i",
        "73": "f",
        "74": ";",
        "75": "}",
        "76": "h",
        "77": "t",
        "78": "m",
        "79": "l",
        "8": "z",
        "80": ",",
        "81": "b",
        "82": "o",
        "83": "d",
        "84": "y",
        "85": "{",
        "86": "h",
        "87": "e",
        "88": "i",
        "89": "g",
        "9": "i",
        "90": "h",
        "91": "t",
        "92": ":",
        "93": "1",
        "94": "0",
        "95": "0",
        "96": "v",
        "97": "h",
        "98": ";",
        "99": "p",
        "__hash": "2127344134",
        "__scoped": "*.jsx-1992557223{box-sizing:border-box;padding:0;margin:0;font-family:'Roboto',sans-serif;}html.jsx-1992557223,body.jsx-1992557223{height:100vh;padding:0;margin:0;}span.inline-icon.jsx-1992557223 svg.jsx-1992557223{display:inline-block;vertical-align:bottom;}",
        "__scopedHash": "1992557223",
      }
    }
    styleId="2127344134"
  />
</div>
`;
