// Jest Snapshot v1, https://goo.gl/fbAQLP

exports[`FullFAQLink should match snapshot 1`] = `
<FullFAQLink>
  <div
    className="jsx-3768482590"
  >
    <Component
      type="attention"
      variant="bold"
    >
      <Typography
        type="attention"
        variant="bold"
      >
        <span
          className="jsx-1328033587"
        >
          <a
            className="jsx-3768482590 "
            href="/helpcenter"
            onClick={[Function]}
            rel="noopener noreferrer"
            target="_blank"
          >
            Full FAQ site
            <span
              className="jsx-3768482590 inline-icon"
            >
              <div
                className="jsx-3768482590 open-icon"
              >
                <NewWindow
                  customColor="#171b1e"
                  size="small"
                >
                  <OrbitIcon
                    customColor="#171b1e"
                    size="small"
                    viewBox="0 0 24 24"
                  >
                    <IconBase
                      color="#171b1e"
                      size="16px"
                      viewBox="0 0 24 24"
                    >
                      <svg
                        fill="currentColor"
                        height="16px"
                        preserveAspectRatio="xMidYMid meet"
                        style={
                          Object {
                            "color": "#171b1e",
                            "verticalAlign": "middle",
                          }
                        }
                        viewBox="0 0 24 24"
                        width="16px"
                      >
                        <path
                          d="M17.444 17.444H6.556V6.556H12V5H6.556C5.692 5 5 5.7 5 6.556v10.888C5 18.3 5.692 19 6.556 19h10.888C18.3 19 19 18.3 19 17.444V12h-1.556v5.444zM13.556 5v1.556h2.792L8.702 14.2 9.8 15.298l7.645-7.646v2.792H19V5h-5.444z"
                        />
                      </svg>
                    </IconBase>
                  </OrbitIcon>
                </NewWindow>
              </div>
            </span>
          </a>
          <JSXStyle
            css="span.__jsx-style-dynamic-selector{font-family:Roboto,-apple-system,sans-serif;font-size:14px;color:#171b1e;font-weight: bold;;}"
            dynamic={
              Array [
                "14px",
                "#171b1e",
                "font-weight: bold;",
              ]
            }
            styleId="1112443529"
          />
        </span>
      </Typography>
    </Component>
    <JSXStyle
      css="div.open-icon.jsx-3768482590{display:inline-block;vertical-align:1px;margin-left:4px;}a.jsx-3768482590{-webkit-text-decoration:none;text-decoration:none;color:inherit;}.primary.jsx-3768482590{color:#00a991;}"
      styleId="3768482590"
    />
  </div>
</FullFAQLink>
`;
