// Jest Snapshot v1, https://goo.gl/fbAQLP

exports[`Markdown should match snapshot 1`] = `
<Markdown>
  <div
    dangerouslySetInnerHTML={
      Object {
        "__html": "<h1>Hello World <a target=\\"_blank\\" href=\\"https://www.kiwi.com/\\">this is my url</a></h1>
",
      }
    }
  />
</Markdown>
`;
