// Jest Snapshot v1, https://goo.gl/fbAQLP

exports[`BaggageDescription should render correctly 1`] = `
<React.Fragment>
  <hr
    className="jsx-677876937 separationLine"
  />
  <div
    className="jsx-677876937 baggageRow"
  >
    <BaggageChecked
      customColor="#bac7d5"
      size="medium"
    />
    <p
      className="jsx-677876937 baggageWeight"
    >
      Checked
       baggage 
      10
       kg
    </p>
    <div
      className="jsx-677876937 baggageSize"
    >
      <p
        className="jsx-677876937"
      >
        40
         x 
        30
         x 
        15
         cm
      </p>
    </div>
  </div>
  <JSXStyle
    css="div.baggageRow.jsx-677876937{padding:15px 24px 15px 24px;}div.baggageSize.jsx-677876937{display:inline-block;float:right;}div.baggageSize.jsx-677876937 p.jsx-677876937{font-size:12px;line-height:1.4;color:#46515e;}div.baggageNumber.jsx-677876937{display:inline-block;margin-right:8px;}div.baggageNumber.jsx-677876937 p.jsx-677876937{font-size:14px;font-weight:bold;line-height:1.4;color:#46515e;display:inline-block;}p.baggageWeight.jsx-677876937{margin-left:5px;font-size:14px;font-weight:bold;line-height:1.4;color:#46515e;display:inline-block;}hr.separationLine.jsx-677876937{height:1px;background-color:#e8edf1;border:none;}"
    styleId="677876937"
  />
</React.Fragment>
`;
