// Jest Snapshot v1, https://goo.gl/fbAQLP

exports[`KiwiLogin should match snapshot 1`] = `
<MemoryRouter
  initialEntries={
    Array [
      Object {
        "key": "testKey",
      },
    ]
  }
>
  <Router
    history={
      Object {
        "action": "POP",
        "block": [Function],
        "canGo": [Function],
        "createHref": [Function],
        "entries": Array [
          Object {
            "hash": "",
            "key": "testKey",
            "pathname": "/",
            "search": "",
          },
        ],
        "go": [Function],
        "goBack": [Function],
        "goForward": [Function],
        "index": 0,
        "length": 1,
        "listen": [Function],
        "location": Object {
          "hash": "",
          "key": "testKey",
          "pathname": "/",
          "search": "",
        },
        "push": [Function],
        "replace": [Function],
      }
    }
  >
    <Connect(WithAuth)
      store={
        Object {
          "clearActions": [Function],
          "dispatch": [Function],
          "getActions": [Function],
          "getState": [Function],
          "replaceReducer": [Function],
          "subscribe": [Function],
        }
      }
    >
      <WithAuth
        doSaveToken={[Function]}
        doSignIn={[Function]}
        store={
          Object {
            "clearActions": [Function],
            "dispatch": [Function],
            "getActions": [Function],
            "getState": [Function],
            "replaceReducer": [Function],
            "subscribe": [Function],
          }
        }
        storeSubscription={
          Subscription {
            "listeners": Object {
              "clear": [Function],
              "get": [Function],
              "notify": [Function],
              "subscribe": [Function],
            },
            "onStateChange": [Function],
            "parentSub": undefined,
            "store": Object {
              "clearActions": [Function],
              "dispatch": [Function],
              "getActions": [Function],
              "getState": [Function],
              "replaceReducer": [Function],
              "subscribe": [Function],
            },
            "unsubscribe": [Function],
          }
        }
      >
        <KiwiLogin
          doSaveToken={[Function]}
          doSignIn={[Function]}
          store={
            Object {
              "clearActions": [Function],
              "dispatch": [Function],
              "getActions": [Function],
              "getState": [Function],
              "replaceReducer": [Function],
              "subscribe": [Function],
            }
          }
          storeSubscription={
            Subscription {
              "listeners": Object {
                "clear": [Function],
                "get": [Function],
                "notify": [Function],
                "subscribe": [Function],
              },
              "onStateChange": [Function],
              "parentSub": undefined,
              "store": Object {
                "clearActions": [Function],
                "dispatch": [Function],
                "getActions": [Function],
                "getState": [Function],
                "replaceReducer": [Function],
                "subscribe": [Function],
              },
              "unsubscribe": [Function],
            }
          }
        >
          <div
            className="jsx-347799831 KiwiLogin"
          >
            <CloseIcon>
              <div
                className="jsx-3331610565 close-icon"
              >
                <Close
                  fill="#7f91a8"
                  size="32"
                >
                  <svg
                    fill="#7f91a8"
                    height="24"
                    size="32"
                    viewBox="0 0 32 32"
                    xmlns="http://www.w3.org/2000/svg"
                  >
                    <path
                      d="M28 6.417L25.583 4 16 13.583 6.417 4 4 6.417 13.583 16 4 25.583 6.417 28 16 18.417 25.583 28 28 25.583 18.417 16z"
                    />
                  </svg>
                </Close>
                <JSXStyle
                  css="div.close-icon.jsx-3331610565{position:absolute;top:12px;right:12px;padding:8px;cursor:pointer;}"
                  styleId="3331610565"
                />
              </div>
            </CloseIcon>
            <BackButton
              link="/sign-in"
              text="Back"
            >
              <Link
                replace={false}
                to="/sign-in"
              >
                <a
                  href="/sign-in"
                  onClick={[Function]}
                >
                  <div
                    className="jsx-2203465987 back"
                  >
                    <div
                      className="jsx-2203465987 chevron"
                    >
                      <ChevronLeft
                        fill="#8291a6"
                        height="12"
                        width="10"
                      >
                        <svg
                          fill="#8291a6"
                          height="12"
                          viewBox="0 0 32 32"
                          width="10"
                          xmlns="http://www.w3.org/2000/svg"
                        >
                          <path
                            d="M23 25.18L13.84 16 23 6.82 20.18 4l-12 12 12 12z"
                          />
                        </svg>
                      </ChevronLeft>
                    </div>
                    <Typography
                      type="secondary"
                      variant="bold"
                    >
                      <span
                        className="jsx-141524338"
                      >
                        Back
                        <JSXStyle
                          css="span.__jsx-style-dynamic-selector{font-family:Roboto,-apple-system,sans-serif;font-size:14px;color:#7f91a8;font-weight: bold;;}"
                          dynamic={
                            Array [
                              "14px",
                              "#7f91a8",
                              "font-weight: bold;",
                            ]
                          }
                          styleId="1112443529"
                        />
                      </span>
                    </Typography>
                    <JSXStyle
                      css="div.back.jsx-2203465987{position:absolute;top:18px;left:27px;}div.chevron.jsx-2203465987{vertical-align:middle;display:inline-block;object-fit:contain;margin-right:4px;}"
                      styleId="2203465987"
                    />
                  </div>
                </a>
              </Link>
            </BackButton>
            <div
              className="jsx-347799831 picture"
            >
              <img
                alt="Help"
                className="jsx-347799831"
                src="test-file-stub"
              />
            </div>
            <div
              className="jsx-347799831 main"
            >
              <p
                className="jsx-347799831 title"
              >
                Kiwi.com account
              </p>
              <Typography
                type="secondary"
              >
                <span
                  className="jsx-1867159016"
                >
                  If you have an account with us, just use your credentials to sign in.
                  <JSXStyle
                    css="span.__jsx-style-dynamic-selector{font-family:Roboto,-apple-system,sans-serif;font-size:14px;color:#7f91a8;;}"
                    dynamic={
                      Array [
                        "14px",
                        "#7f91a8",
                        "",
                      ]
                    }
                    styleId="1112443529"
                  />
                </span>
              </Typography>
              <form
                className="jsx-347799831"
              >
                <label
                  className="jsx-347799831"
                  htmlFor="email"
                >
                  Email:
                  <div
                    className="jsx-347799831 input"
                  >
                    <InputText
                      name="email"
                      onChange={[Function]}
                      placeholder="e.g. your@email.com"
                      type="email"
                      value=""
                    >
                      <div
                        className="jsx-3163315084 wrapper"
                      >
                        <input
                          className="jsx-3163315084"
                          name="email"
                          onChange={[Function]}
                          placeholder="e.g. your@email.com"
                          type="email"
                          value=""
                        />
                        <JSXStyle
                          css=".wrapper.__jsx-style-dynamic-selector{position:relative;}.inputIcon.__jsx-style-dynamic-selector{position:absolute;top:13px;left:15px;}input.__jsx-style-dynamic-selector{box-sizing:border-box;width:100%;border-radius:3px;color:#46515e;background-color:white;border:solid 1px #bac7d5;font-size:16px;line-height:1.25;padding:12px 16px;padding-left:16px;}input.__jsx-style-dynamic-selector::-webkit-input-placeholder{color:#bac7d5;}input.__jsx-style-dynamic-selector::-moz-placeholder{color:#bac7d5;}input.__jsx-style-dynamic-selector:-ms-input-placeholder{color:#bac7d5;}input.__jsx-style-dynamic-selector::placeholder{color:#bac7d5;}"
                          dynamic={
                            Array [
                              "#bac7d5",
                              16,
                            ]
                          }
                          styleId="3269471237"
                        />
                      </div>
                    </InputText>
                  </div>
                </label>
                <label
                  className="jsx-347799831"
                  htmlFor="password"
                >
                  Password:
                  <div
                    className="jsx-347799831 input"
                  >
                    <InputText
                      name="password"
                      onChange={[Function]}
                      type="password"
                      value=""
                    >
                      <div
                        className="jsx-3163315084 wrapper"
                      >
                        <input
                          className="jsx-3163315084"
                          name="password"
                          onChange={[Function]}
                          type="password"
                          value=""
                        />
                        <JSXStyle
                          css=".wrapper.__jsx-style-dynamic-selector{position:relative;}.inputIcon.__jsx-style-dynamic-selector{position:absolute;top:13px;left:15px;}input.__jsx-style-dynamic-selector{box-sizing:border-box;width:100%;border-radius:3px;color:#46515e;background-color:white;border:solid 1px #bac7d5;font-size:16px;line-height:1.25;padding:12px 16px;padding-left:16px;}input.__jsx-style-dynamic-selector::-webkit-input-placeholder{color:#bac7d5;}input.__jsx-style-dynamic-selector::-moz-placeholder{color:#bac7d5;}input.__jsx-style-dynamic-selector:-ms-input-placeholder{color:#bac7d5;}input.__jsx-style-dynamic-selector::placeholder{color:#bac7d5;}"
                          dynamic={
                            Array [
                              "#bac7d5",
                              16,
                            ]
                          }
                          styleId="3269471237"
                        />
                      </div>
                    </InputText>
                  </div>
                </label>
              </form>
              <Link
                replace={false}
                to="/forgotten-password"
              >
                <a
                  href="/forgotten-password"
                  onClick={[Function]}
                >
                  <div
                    className="jsx-347799831 forgot-password"
                  >
                    <Typography
                      type="active"
                    >
                      <span
                        className="jsx-4212733848"
                      >
                        Forgot your password?
                        <JSXStyle
                          css="span.__jsx-style-dynamic-selector{font-family:Roboto,-apple-system,sans-serif;font-size:14px;color:#00a991;;}"
                          dynamic={
                            Array [
                              "14px",
                              "#00a991",
                              "",
                            ]
                          }
                          styleId="1112443529"
                        />
                      </span>
                    </Typography>
                  </div>
                </a>
              </Link>
              <span
                className="jsx-347799831 singIn"
              >
                <Button
                  isDisabled={false}
                  onClick={[Function]}
                  size="large"
                  title="Sign In"
                  type="primary"
                >
                  <button
                    className="jsx-2325483322"
                    disabled={false}
                    onClick={[Function]}
                  >
                    Sign In
                    <JSXStyle
                      css="button.__jsx-style-dynamic-selector{opacity:1;cursor:pointer;background-color:#00a991;color:#fff;border:none;border-radius:3px;font-weight:500;padding:14px 28px;padding-left:;font-size:16px;position:relative;}"
                      dynamic={
                        Array [
                          "1",
                          "pointer",
                          "#00a991",
                          "#fff",
                          "14px 28px",
                          "",
                          "16px",
                        ]
                      }
                      styleId="2895249007"
                    />
                  </button>
                </Button>
              </span>
            </div>
            <JSXStyle
              css=".KiwiLogin.jsx-347799831{width:480px;padding-top:128px;}div.picture.jsx-347799831 img.jsx-347799831{width:203px;height:156px;}div.picture.jsx-347799831{margin-left:150px;margin-bottom:68px;}div.main.jsx-347799831{margin-left:40px;margin-right:40px;}p.title.jsx-347799831{color:#171b1e;font-size:28px;font-weight:bold;margin-bottom:8px;line-height:1.2;}.forgot-password.jsx-347799831{margin-top:12px;display:inline-block;}.singIn.jsx-347799831{float:right;}form.jsx-347799831{margin-top:32.8px;}div.input.jsx-347799831{width:400px;height:44px;margin-bottom:34px;margin-top:4px;}label.jsx-347799831{width:352px;height:20px;font-size:14px;line-height:1.43;text-align:left;color:#46515e;display:inline-table;}"
              styleId="347799831"
            />
          </div>
        </KiwiLogin>
      </WithAuth>
    </Connect(WithAuth)>
  </Router>
</MemoryRouter>
`;
