// Jest Snapshot v1, https://goo.gl/fbAQLP

exports[`DateAndPassenger should render correctly 1`] = `
<div
  className="fields"
>
  <div
    className="section"
  >
    <div
      className="label"
    >
      <Typography
        size="small"
        type="secondary"
      >
        Departure date
      </Typography>
    </div>
    <Typography>
      23/11/2017
    </Typography>
  </div>
  <div
    className="section"
  >
    <div
      className="label"
    >
      <Typography
        size="small"
        type="secondary"
      >
        Booking date
      </Typography>
    </div>
    <Typography>
      14/5/2018
    </Typography>
  </div>
  <div
    className="section"
  >
    <div
      className="label"
    >
      <Typography
        size="small"
        type="secondary"
      >
        Includes
      </Typography>
    </div>
    <Typography>
      <Passengers
        customColor="#bac7d5"
        size="small"
      />
      1
    </Typography>
  </div>
  <div
    className="section"
  >
    <div
      className="label"
    >
      <Typography
        size="small"
        type="secondary"
      >
        Status
      </Typography>
    </div>
    <div
      style={
        Object {
          "color": "#ffc345",
          "fontSize": "14px",
        }
      }
    >
      Closed
    </div>
  </div>
</div>
`;
