// Jest Snapshot v1, https://goo.gl/fbAQLP

exports[`FromToRow should render correctly 1`] = `
<div
  className="jsx-1043159029"
>
  <p
    className="jsx-1043159029 flight"
  >
    Prague PRG
  </p>
  <div
    className="jsx-1043159029 arrowIcon"
  >
    <FlightMulticity
      customColor="#bac7d5"
      size="medium"
    />
  </div>
  <p
    className="jsx-1043159029 flight"
  >
    Barcelona BCN
  </p>
  <JSXStyle
    css=".flight.jsx-1043159029{margin-top:0;}"
    styleId="1043159029"
  />
</div>
`;
